     1                                  bits 32 ; assembling for the 32 bits architecture
     2                                  
     3                                  ; declare the EntryPoint (a label defining the very first instruction of the program)
     4                                  global start        
     5                                  
     6                                  ; declare external functions needed by our program
     7                                  extern exit               ; tell nasm that exit exists even if we won't be defining it
     8                                  import exit msvcrt.dll    ; exit is a function that ends the calling process. It is defined in msvcrt.dll
     9                                                            ; msvcrt.dll contains exit, printf and all the other important C-runtime specific functions
    10                                  
    11                                  ; our data is declared here (the variables needed by our program)
    12                                  segment data use32 class=data
    13 00000000 08                          a db 8
    14 00000001 02                          b db 2
    15 00000002 04                          d db 4
    16                                  
    17                                  ; our code starts here
    18                                  segment code use32 class=code
    19                                      start:
    20                                          ; (a+b-d)+(a-b-d)
    21 00000000 A0[00000000]                    mov al, [a]
    22 00000005 0205[01000000]                  add al, [b]
    23 0000000B 2A05[02000000]                  sub al, [d]
    24 00000011 8A25[00000000]                  mov ah, [a]
    25 00000017 2A25[01000000]                  sub ah, [b]
    26 0000001D 2A25[02000000]                  sub ah, [d]
    27 00000023 00E0                            add al, ah
    28                                          ; exit(0)
    29 00000025 6A00                            push    dword 0      ; push the parameter for exit onto the stack
    30 00000027 FF15[00000000]                  call    [exit]       ; call exit to terminate the program
